.......................................
.......................................
.......................................
.......................................
.......................................
.......................................
.......................................
.......................................
.......................................
.......................................
.......................................
.......................................
.......................................
.......................................
.......................................
.......................................
.......................................
.......................................
.......................................
.......................................
.......................................
.......................................
.......................................
.......................................
.......................................
.......................................
.......................................
.......................................
.......................................
.......................................
.......................................
.......................................
.......................................
.......................................
.......................................
.................BBBBB.................
.................BXXXB.................
.................BXXXB.................
.................BXXXB.................
0 0 0 0 0 0 0 0 0 0 0 0 0 0 0 0 0 0 0 0 