.......................................
.......................................
.......................................
................BBBBBBB................
..............BBBBBBBBBBBB.............
.............BBBBBBBBBBBBBBB...........
...........BBBBBBBBBBBBBBBBBBB......SSS
...........BBBBBBBBBBBBBBBBBBBB........
..........BBBBBBBBBBBBBBBBBBBBBBB......
SSS......BBBBBBBBBBBBBBBBBBBBBBBBB.....
.........BBBBBBBBBBBBBBBBBBBBBBBBB.....
.........BBBBBBBBBBBBBBBBBBBBBBBBB.....
........BBBB.........BBBBBBBBB...B.....
........B...............BBBBBB...B.....
WWW.....B...............BBBBBB...B.....
WWW....BB...S.....S.....BBBBB..........
WWW....BB...S.....S.....BBBB...........
.......BB...............BBBB...........
......BBB...............BBBB.....WWWWWW
......BBB...BBBBBB......BBBBB....WWWWWW
.....BBBB...BBBBBB......BBBBB....WWWWWW
.....BBBBBBBBBBBBBBBBBBBBBBBBB.........
.....BBBBBBBBBBBBBBBBBBBBBBBBB.........
.....BBBBBBBBBBBBBBBBBBBBBBBBB.........
....BBBBBBBBBBBBBBBBBBBBBBBBBBBB.......
....BBBBBBBBBBBBBBBBBBBBBBBBBBBB.......
....BBBBBBBBBBBBBBBBBBBBBBBBBBBB.......
...BBBBBBBBBBBBBBBBBBBBBBBBBBBBBB......
...BBBBBBBBBBBBBBBBBBBBBBBBBBBBBB......
.........BBBBBBBBBBBBBBBBBB............
...BBBBBB...BBBBBBBBBBBB...BBBBBB......
...BBBBBBBBB...BBBBBB...BBBBBBBBB......
...BBBBBBBBB............BBBBBBBBB......
......BBBBBB............BBBBBB.........
.......................................
.................BBBBB.................
SSS..............BXXXB..............SSS
SSS..............BXXXB..............SSS
SSS..............BXXXB..............SSS
2 2 2 2 2 2 2 2 2 2 1 1 1 1 1 0 0 3 3 3 