.....................BBBBBBBBB.........
.....................BBBBBBBBB.........
.....................BBBBBBBBB.........
...BBBBBBBBB...............BBB.........
...BBBBBBBBBBBB...BBB......BBB.........
...BBBBBBBBBBBB...BBB......BBB.........
............BBB...BBB............BBBBBB
............BBB..................BBBBBB
............BBB..................BBBBBB
...WWWWWWWWWWWWWWW...BBBB........BBBSSS
...WWWWWWWWWWWWWWW...BBBB........BBBSSS
...WWWWWWWWWWWWWWW...BBBB........BBB...
...............WWW...BBB...SSSS..BBB...
...............WWW...BBB...SSSS..BBB...
...............WWW...BBB...SSSS..BBB...
......BBBBBBBBBWWWWWWWWW...WWWBBBBBB...
......BBBBBBBBBWWWWWWWWW...WWWBBBBBB...
......BBBBBBBBBWWWWWWWWW...WWWBBBBBB...
............SSSWWW.........WWWSSS......
............SSSWWW.........WWWSSS......
............SSSWWW.........WWW.........
WWWWWWWWW...WWWWWWBBBBBB...WWW.........
WWWWWWWWW...WWWWWWBBBBBB...WWW.........
WWWWWWWWW...WWWWWWBBBBBB...WWW.........
...............BBBSSSSSS...WWWWWWWWW...
...............BBBSSSSSS...WWWWWWWWW...
...............BBB.........WWWWWWWWW...
BBBBBBBBB..............................
BBBBBBBBB..............................
BBBBBBBBB..............................
......BBB...SSSSSS.........BBBBBB....BB
......BBB...SSSSSS.........BBBBBB....BB
......BBB..................BBBBBB....BB
BBB........................BBB......BBB
BBB........................BBB......BBB
BBB..............BBBBB.....BBB......BBB
.................BXXXB.................
.................BXXXB.................
.................BXXXB.................
0 0 0 0 0 0 0 0 0 0 0 0 0 0 0 0 0 0 0 0 