.......................................
.......................................
.......................................
...BBB...BBB...BBB...BBB...BBB...BBB...
...BBB...BBB...BBB...BBB...BBB...BBB...
...BBB...BBB...BBB...BBB...BBB...BBB...
...BBB...BBB...BBB...BBB...BBB...BBB...
...BBB...BBB...BBB...BBB...BBB...BBB...
...BBB...BBB...BBB...BBB...BBB...BBB...
...BBB...BBB...BBB...BBB...BBB...BBB...
...BBB...BBB...BBB...BBB...BBB...BBB...
...BBB...BBB...BBB...BBB...BBB...BBB...
...BBB...BBB...BBB...BBB...BBB...BBB...
...BBB...BBB...BBB...BBB...BBB...BBB...
...BBB...BBB...BBB...BBB...BBB...BBB...
...BBB...BBB...............BBB...BBB...
...BBB...BBB...............BBB...BBB...
...BBB...BBB...............BBB...BBB...
...............BBB...BBB...............
...............BBB...BBB...............
...............BBB...BBB...............
BBB....BBBBB...............BBBBBB...BBB
SSS....BBBBB...............BBBBBB...SSS
SSS....BBBBB...............BBBBBB...SSS
...............BBB...BBB...............
...............BBBBBBBBB...............
...............BBBBBBBBB...............
...BBB...BBB...BBBBBBBBB...BBB...BBB...
...BBB...BBB...BBB...BBB...BBB...BBB...
...BBB...BBB...BBB...BBB...BBB...BBB...
...BBB...BBB...BBB...BBB...BBB...BBB...
...BBB...BBB...BBB...BBB...BBB...BBB...
...BBB...BBB...............BBB...BBB...
...BBB...BBB...............BBB...BBB...
...BBB...BBB...............BBB...BBB...
...BBB...BBB.....BBBBB.....BBB...BBB...
.................BXXXB.................
.................BXXXB.................
.................BXXXB.................
0 0 0 0 0 0 0 0 0 0 0 0 0 0 0 0 0 0 1 1