.........SSS...BBB...BBB...BBB...SSS...
.........SSS...BBB...BBB...BBB...SSS...
.........SSS...BBB...BBB...BBB...SSS...
...BBB...BBB...............SSS.........
...BBB...BBB...............SSS.........
...BBB...BBB...............SSS.........
...BBB...BBB......SSS......SSS...SSSSSS
...BBB...BBB......SSS......SSS...SSSSSS
...BBB...BBB......SSS......SSS...SSSSSS
...BBB.........BBB......BBB.........SSS
...BBB.........BBB......BBB.........SSS
...BBB.........BBB......BBB.........SSS
............BBBBBB...BBBBBB...SSS......
............BBBBBB...BBBBBB...SSS......
............BBBBBB...BBBBBB...SSS......
......SSS...BBB......BBBBBB...BBBBBB...
......SSS...BBB......BBBBBB...BBBBBB...
......SSS...BBB......BBBBBB...BBBBBB...
SSS...SSS......BBB............SSSBBB...
SSS...SSS......BBB............SSSBBB...
SSS...SSS......BBB............SSSBBB...
......BBBBBB...BBB.........BBBSSS......
......BBBBBB...BBB.........BBBSSS......
......BBBBBB...BBB.........BBBSSS......
...SSSBBBBBB...BBBBBB...BBBBBB......BBB
...SSSBBBBBB...BBBBBB...BBBBBB......BBB
...SSSBBBBBB...BBBBBB...BBBBBB......BBB
...BBB.........BBBSSS............BBBBBB
...BBB.........BBBSSS............BBBBBB
...BBB.........BBBSSS............BBBBBB
.........BBB...BBBBBBSSS...SSS......BBB
.........BBB...BBBBBBSSS...SSS......BBB
.........BBB...BBBBBBSSS...SSS......BBB
BBB...BBBBBB...............BBBSSS......
BBB...BBBBBB...............BBBSSS......
BBB...BBBBBB.....BBBBB.....BBBSSS......
BBB...BBB........BXXXB.....BBBBBBBBB...
BBB...BBB........BXXXB.....BBBBBBBBB...
BBB...BBB........BXXXB.....BBBBBBBBB...
2 2 1 1 1 1 1 1 1 1 3 3 3 3 3 3 3 3 3 3 