.......................................
.......................................
.......................................
..BBBB.................................
..BBBB.................................
..BBBB.................................
.......................................
.......................................
.......................................
.......................................
.......................................
.......................................
.......................................
.......................................
.......................................
.......................................
.......................................
.......................................
.......................................
.......................................
.......................................
.......................................
.......................................
.......................................
.......................................
.......................................
.......................................
.......................................
.......................................
.......................................
.......................................
.......................................
.......................................
.......................................
.......................................
...............BBBBB...................
...............BXXXB...................
...............BXXXB...................
...............BXXXB...................
