.......................................
.......................................
.......................................
.......................................
.......................................
.......................................
.......................................
.......................................
.......................................
.......................................
.......................................
.......................................
.......................................
.......................................
.......................................
.......................................
.......................................
.......................................
.......................................
.......................................
.......................................
.......................................
.......................................
.......................................
.......................................
.......................................
.......................................
.......................................
.......................................
.......................................
.......................................
.......................................
.......................................
.......................................
.......................................
...............BBBBBBB.................
...............BXBXXXB.................
...............BXBXXXB.................
...............BXBXXXB.................
0 0 0 0 0 0 0 0 0 0 0 0 0 0 0 0 0 0 0 0 